// Jest Snapshot v1, https://goo.gl/fbAQLP

exports[`should render Share correctly 1`] = `ShallowWrapper {}`;
