// Jest Snapshot v1, https://goo.gl/fbAQLP

exports[`should match snapshot 1`] = `ShallowWrapper {}`;

exports[`should render data correctly 1`] = `ShallowWrapper {}`;

exports[`should render footer correctly 1`] = `ShallowWrapper {}`;
