// Jest Snapshot v1, https://goo.gl/fbAQLP

exports[`Should render image correctly 1`] = `ShallowWrapper {}`;
