// Jest Snapshot v1, https://goo.gl/fbAQLP

exports[`should render Feed correctly 1`] = `ShallowWrapper {}`;
