// Jest Snapshot v1, https://goo.gl/fbAQLP

exports[`Should render About page correctly 1`] = `ShallowWrapper {}`;
